---
source: zebra-rpc/src/methods/tests/snapshot.rs
expression: raw_tx_id
snapshot_kind: text
---
"0400008085202f89010946edb9c083c9942d92305444527765fad789c438c717783276a9f7fbf61b850000000000ffffffff0100e1f5050000000017a9147d46a730d31f97b1930d3368a967c309bd4d136a87000000001f0000000000000000000000000000"
