---
source: zebra-rpc/src/methods/tests/snapshot.rs
expression: raw_tx_id
snapshot_kind: text
---
"0400008085202f8901755f7c7d27a811596e9fae6dd30ca45be86e901d499909de35b6ff1f699f7ef30000000000ffffffff0100e1f5050000000017a914ef775f1f997f122a062fff1a2d7443abd1f9c64287000000001f0000000000000000000000000000"
